2	3199812	G	GTT,GT
3	3212016	CTT	C,CT
4	3258448	TACACACAC	T
