1	3062915	GTTT	G
1	3062915	G	T
1	3106154	CAAA	C
1	3157410	GA	G
1	3162006	GAA	G
1	3177144	GT	G
1	3184885	TAAAA	TA,T
4	3212016	TACACACAC	T
